\BOOKMARK [0][-]{chapter*.1}{\376\377\000D\000E\000D\000I\000C\000A\000T\000I\000O\000N}{}% 1
\BOOKMARK [0][-]{chapter*.2}{\376\377\000D\000E\000C\000L\000A\000R\000A\000T\000I\000O\000N}{}% 2
\BOOKMARK [0][-]{chapter*.3}{\376\377\000C\000E\000R\000T\000I\000F\000I\000C\000A\000T\000E\000\040\000O\000F\000\040\000A\000P\000P\000R\000O\000V\000A\000L}{}% 3
\BOOKMARK [0][-]{chapter*.4}{\376\377\000A\000C\000K\000N\000O\000W\000L\000E\000D\000G\000E\000M\000E\000N\000T}{}% 4
\BOOKMARK [0][-]{chapter*.5}{\376\377\000A\000B\000S\000T\000R\000A\000C\000T}{}% 5
\BOOKMARK [0][-]{chapter*.5}{\376\377\000L\000I\000S\000T\000\040\000O\000F\000\040\000F\000I\000G\000U\000R\000E\000S}{}% 6
\BOOKMARK [0][-]{chapter*.5}{\376\377\000L\000I\000S\000T\000\040\000O\000F\000\040\000T\000A\000B\000L\000E\000S}{}% 7
\BOOKMARK [0][-]{chapter.1}{\376\377\000I\000n\000t\000r\000o\000d\000u\000c\000t\000i\000o\000n}{}% 8
\BOOKMARK [1][-]{section.1.1}{\376\377\000O\000v\000e\000r\000v\000i\000e\000w}{chapter.1}% 9
\BOOKMARK [1][-]{section.1.2}{\376\377\000P\000r\000o\000j\000e\000c\000t\000\040\000i\000d\000e\000a}{chapter.1}% 10
\BOOKMARK [1][-]{section.1.3}{\376\377\000P\000u\000r\000p\000o\000s\000e\000\040\000o\000f\000\040\000t\000h\000e\000\040\000P\000r\000o\000j\000e\000c\000t}{chapter.1}% 11
\BOOKMARK [1][-]{section.1.4}{\376\377\000P\000r\000o\000j\000e\000c\000t\000\040\000S\000p\000e\000c\000i\000f\000i\000c\000a\000t\000i\000o\000n\000s}{chapter.1}% 12
\BOOKMARK [1][-]{section.1.5}{\376\377\000A\000p\000p\000l\000i\000c\000a\000t\000i\000o\000n\000s\000\040\000o\000f\000\040\000t\000h\000e\000\040\000P\000r\000o\000j\000e\000c\000t}{chapter.1}% 13
\BOOKMARK [2][-]{subsection.1.5.1}{\376\377\000P\000h\000y\000s\000i\000c\000a\000l\000\040\000S\000e\000c\000u\000r\000i\000t\000y\000\040\000a\000n\000d\000\040\000A\000n\000t\000i\000-\000S\000u\000r\000v\000e\000i\000l\000l\000a\000n\000c\000e}{section.1.5}% 14
\BOOKMARK [2][-]{subsection.1.5.2}{\376\377\000C\000o\000u\000n\000t\000e\000r\000-\000D\000r\000o\000n\000e\000\040\000\050\000A\000n\000t\000i\000-\000U\000A\000V\000\051\000\040\000A\000p\000p\000l\000i\000c\000a\000t\000i\000o\000n\000s}{section.1.5}% 15
\BOOKMARK [2][-]{subsection.1.5.3}{\376\377\000R\000e\000s\000e\000a\000r\000c\000h\000\040\000a\000n\000d\000\040\000A\000c\000a\000d\000e\000m\000i\000c\000\040\000U\000s\000e}{section.1.5}% 16
\BOOKMARK [2][-]{subsection.1.5.4}{\376\377\000E\000v\000e\000n\000t\000\040\000a\000n\000d\000\040\000F\000a\000c\000i\000l\000i\000t\000y\000\040\000S\000p\000e\000c\000t\000r\000u\000m\000\040\000P\000r\000o\000t\000e\000c\000t\000i\000o\000n}{section.1.5}% 17
\BOOKMARK [2][-]{subsection.1.5.5}{\376\377\000E\000l\000e\000c\000t\000r\000o\000n\000i\000c\000\040\000W\000a\000r\000f\000a\000r\000e\000\040\000a\000n\000d\000\040\000D\000e\000f\000e\000n\000s\000e\000-\000S\000u\000p\000p\000o\000r\000t\000\040\000R\000e\000s\000e\000a\000r\000c\000h}{section.1.5}% 18
\BOOKMARK [1][-]{section.1.6}{\376\377\000P\000r\000o\000j\000e\000c\000t\000\040\000P\000l\000a\000n}{chapter.1}% 19
\BOOKMARK [2][-]{subsection.1.6.1}{\376\377\000P\000r\000o\000j\000e\000c\000t\000\040\000M\000i\000l\000e\000s\000t\000o\000n\000e\000s}{section.1.6}% 20
\BOOKMARK [2][-]{subsection.1.6.2}{\376\377\000T\000a\000r\000g\000e\000t\000e\000d\000\040\000S\000u\000s\000t\000a\000i\000n\000a\000b\000l\000e\000\040\000D\000e\000v\000e\000l\000o\000p\000m\000e\000n\000t\000\040\000G\000o\000a\000l\000s}{section.1.6}% 21
\BOOKMARK [2][-]{subsection.1.6.3}{\376\377\000T\000e\000a\000m\000\040\000C\000o\000m\000p\000o\000s\000i\000t\000i\000o\000n\000\040\000a\000n\000d\000\040\000R\000e\000s\000p\000o\000n\000s\000i\000b\000i\000l\000i\000t\000i\000e\000s}{section.1.6}% 22
\BOOKMARK [2][-]{subsection.1.6.4}{\376\377\000P\000r\000o\000j\000e\000c\000t\000\040\000T\000i\000m\000e\000l\000i\000n\000e}{section.1.6}% 23
\BOOKMARK [2][-]{subsection.1.6.5}{\376\377\000R\000e\000p\000o\000r\000t\000\040\000O\000r\000g\000a\000n\000i\000z\000a\000t\000i\000o\000n}{section.1.6}% 24
\BOOKMARK [0][-]{chapter.2}{\376\377\000L\000i\000t\000e\000r\000a\000t\000u\000r\000e\000\040\000R\000e\000v\000i\000e\000w}{}% 25
\BOOKMARK [1][-]{section.2.1}{\376\377\000B\000a\000c\000k\000g\000r\000o\000u\000n\000d\000\040\000T\000h\000e\000o\000r\000y}{chapter.2}% 26
\BOOKMARK [2][-]{subsection.2.1.1}{\376\377\000W\000h\000a\000t\000\040\000J\000a\000m\000m\000i\000n\000g\000\040\000A\000c\000t\000u\000a\000l\000l\000y\000\040\000I\000s}{section.2.1}% 27
\BOOKMARK [2][-]{subsection.2.1.2}{\376\377\000N\000o\000i\000s\000e\000\040\000a\000s\000\040\000a\000n\000\040\000I\000n\000t\000e\000r\000f\000e\000r\000e\000r}{section.2.1}% 28
\BOOKMARK [2][-]{subsection.2.1.3}{\376\377\000A\000m\000p\000l\000i\000t\000u\000d\000e\000\040\000M\000o\000d\000u\000l\000a\000t\000i\000o\000n\000\040\000a\000n\000d\000\040\000t\000h\000e\000\040\000R\000o\000l\000e\000\040\000o\000f\000\040\000t\000h\000e\000\040\000S\000a\000w\000t\000o\000o\000t\000h\000\040\000C\000a\000r\000r\000i\000e\000r}{section.2.1}% 29
\BOOKMARK [2][-]{subsection.2.1.4}{\376\377\000F\000r\000e\000q\000u\000e\000n\000c\000y\000\040\000C\000o\000n\000v\000e\000r\000s\000i\000o\000n\000:\000\040\000M\000i\000x\000e\000r\000s\000,\000\040\000L\000o\000c\000a\000l\000\040\000O\000s\000c\000i\000l\000l\000a\000t\000o\000r\000s\000,\000\040\000a\000n\000d\000\040\000t\000h\000e\000\040\000M\000i\000x\000i\000n\000g\000\040\000E\000q\000u\000a\000t\000i\000o\000n}{section.2.1}% 30
\BOOKMARK [2][-]{subsection.2.1.5}{\376\377\000R\000F\000\040\000P\000o\000w\000e\000r\000\040\000A\000m\000p\000l\000i\000f\000i\000c\000a\000t\000i\000o\000n}{section.2.1}% 31
\BOOKMARK [2][-]{subsection.2.1.6}{\376\377\000S\000p\000r\000e\000a\000d\000-\000S\000p\000e\000c\000t\000r\000u\000m\000\040\000T\000e\000c\000h\000n\000i\000q\000u\000e\000s\000\040\000a\000n\000d\000\040\000P\000s\000e\000u\000d\000o\000-\000N\000o\000i\000s\000e\000\040\000S\000e\000q\000u\000e\000n\000c\000e\000s}{section.2.1}% 32
\BOOKMARK [2][-]{subsection.2.1.7}{\376\377\000A\000n\000t\000e\000n\000n\000a\000\040\000F\000u\000n\000d\000a\000m\000e\000n\000t\000a\000l\000s\000,\000\040\000D\000i\000r\000e\000c\000t\000i\000o\000n\000a\000l\000i\000t\000y\000,\000\040\000a\000n\000d\000\040\000I\000m\000p\000e\000d\000a\000n\000c\000e\000\040\000M\000a\000t\000c\000h\000i\000n\000g}{section.2.1}% 33
\BOOKMARK [2][-]{subsection.2.1.8}{\376\377\000M\000e\000a\000s\000u\000r\000e\000m\000e\000n\000t\000\040\000a\000n\000d\000\040\000V\000e\000r\000i\000f\000i\000c\000a\000t\000i\000o\000n\000\040\000M\000e\000t\000h\000o\000d\000o\000l\000o\000g\000y}{section.2.1}% 34
\BOOKMARK [2][-]{subsection.2.1.9}{\376\377\000S\000u\000m\000m\000a\000r\000y\000\040\000o\000f\000\040\000t\000h\000e\000\040\000T\000h\000e\000o\000r\000e\000t\000i\000c\000a\000l\000\040\000F\000o\000u\000n\000d\000a\000t\000i\000o\000n}{section.2.1}% 35
\BOOKMARK [1][-]{section.2.2}{\376\377\000R\000e\000l\000a\000t\000e\000d\000\040\000T\000e\000c\000h\000n\000o\000l\000o\000g\000i\000e\000s}{chapter.2}% 36
\BOOKMARK [2][-]{subsection.2.2.1}{\376\377\000R\000e\000l\000a\000t\000e\000d\000\040\000T\000e\000c\000h\000n\000o\000l\000o\000g\000y\000\040\0001\000:\000\040\000C\000o\000m\000m\000e\000r\000c\000i\000a\000l\000\040\000a\000n\000d\000\040\000M\000i\000l\000i\000t\000a\000r\000y\000\040\000C\000o\000u\000n\000t\000e\000r\000-\000U\000A\000S\000\040\000J\000a\000m\000m\000i\000n\000g\000\040\000S\000y\000s\000t\000e\000m\000s}{section.2.2}% 37
\BOOKMARK [2][-]{subsection.2.2.2}{\376\377\000R\000e\000l\000a\000t\000e\000d\000\040\000T\000e\000c\000h\000n\000o\000l\000o\000g\000y\000\040\0002\000:\000\040\000S\000o\000f\000t\000w\000a\000r\000e\000-\000D\000e\000f\000i\000n\000e\000d\000-\000R\000a\000d\000i\000o\000\040\000\050\000S\000D\000R\000\051\000\040\000J\000a\000m\000m\000i\000n\000g\000\040\000P\000l\000a\000t\000f\000o\000r\000m\000s}{section.2.2}% 38
\BOOKMARK [0][-]{chapter.3}{\376\377\000P\000R\000O\000J\000E\000C\000T\000\040\000D\000E\000S\000I\000G\000N\000\040\000A\000N\000D\000\040\000I\000M\000P\000L\000E\000M\000E\000N\000T\000A\000T\000I\000O\000N}{}% 39
\BOOKMARK [1][-]{section.3.1}{\376\377\000P\000r\000o\000p\000o\000s\000e\000d\000\040\000D\000e\000s\000i\000g\000n\000\040\000M\000e\000t\000h\000o\000d\000o\000l\000o\000g\000y}{chapter.3}% 40
\BOOKMARK [2][-]{subsection.3.1.1}{\376\377\000I\000n\000t\000r\000o\000d\000u\000c\000t\000i\000o\000n}{section.3.1}% 41
\BOOKMARK [2][-]{subsection.3.1.2}{\376\377\000E\000n\000g\000i\000n\000e\000e\000r\000i\000n\000g\000\040\000O\000b\000j\000e\000c\000t\000i\000v\000e\000s}{section.3.1}% 42
\BOOKMARK [2][-]{subsection.3.1.3}{\376\377\000D\000e\000s\000i\000g\000n\000\040\000P\000h\000i\000l\000o\000s\000o\000p\000h\000y}{section.3.1}% 43
\BOOKMARK [2][-]{subsection.3.1.4}{\376\377\000O\000v\000e\000r\000a\000l\000l\000\040\000S\000y\000s\000t\000e\000m\000\040\000A\000r\000c\000h\000i\000t\000e\000c\000t\000u\000r\000e}{section.3.1}% 44
\BOOKMARK [2][-]{subsection.3.1.5}{\376\377\000O\000v\000e\000r\000a\000l\000l\000\040\000S\000i\000g\000n\000a\000l\000\040\000F\000l\000o\000w}{section.3.1}% 45
\BOOKMARK [2][-]{subsection.3.1.6}{\376\377\000F\000u\000n\000c\000t\000i\000o\000n\000a\000l\000\040\000D\000e\000s\000c\000r\000i\000p\000t\000i\000o\000n\000\040\000o\000f\000\040\000I\000n\000d\000i\000v\000i\000d\000u\000a\000l\000\040\000H\000a\000r\000d\000w\000a\000r\000e\000\040\000B\000l\000o\000c\000k\000s}{section.3.1}% 46
\BOOKMARK [2][-]{subsection.3.1.7}{\376\377\000P\000r\000o\000p\000o\000s\000e\000d\000\040\000D\000e\000s\000i\000g\000n\000\040\000M\000e\000t\000h\000o\000d\000o\000l\000o\000g\000y}{section.3.1}% 47
\BOOKMARK [2][-]{subsection.3.1.8}{\376\377\000D\000e\000s\000i\000g\000n\000\040\000R\000e\000q\000u\000i\000r\000e\000m\000e\000n\000t\000s}{section.3.1}% 48
\BOOKMARK [2][-]{subsection.3.1.9}{\376\377\000D\000e\000s\000i\000g\000n\000\040\000A\000s\000s\000u\000m\000p\000t\000i\000o\000n\000s}{section.3.1}% 49
\BOOKMARK [2][-]{subsection.3.1.10}{\376\377\000F\000r\000e\000q\000u\000e\000n\000c\000y\000\040\000P\000l\000a\000n\000n\000i\000n\000g}{section.3.1}% 50
\BOOKMARK [2][-]{subsection.3.1.11}{\376\377\000I\000m\000p\000e\000d\000a\000n\000c\000e\000\040\000P\000l\000a\000n\000n\000i\000n\000g}{section.3.1}% 51
\BOOKMARK [2][-]{subsection.3.1.12}{\376\377\000P\000o\000w\000e\000r\000\040\000B\000u\000d\000g\000e\000t\000\040\000P\000l\000a\000n\000n\000i\000n\000g}{section.3.1}% 52
\BOOKMARK [2][-]{subsection.3.1.13}{\376\377\000D\000e\000s\000i\000g\000n\000\040\000V\000e\000r\000i\000f\000i\000c\000a\000t\000i\000o\000n\000\040\000S\000t\000r\000a\000t\000e\000g\000y}{section.3.1}% 53
\BOOKMARK [2][-]{subsection.3.1.14}{\376\377\000C\000o\000m\000p\000o\000n\000e\000n\000t\000\040\000S\000e\000l\000e\000c\000t\000i\000o\000n\000\040\000M\000e\000t\000h\000o\000d\000o\000l\000o\000g\000y}{section.3.1}% 54
\BOOKMARK [2][-]{subsection.3.1.15}{\376\377\000E\000n\000g\000i\000n\000e\000e\000r\000i\000n\000g\000\040\000D\000e\000s\000i\000g\000n\000\040\000C\000o\000n\000s\000t\000r\000a\000i\000n\000t\000s}{section.3.1}% 55
\BOOKMARK [2][-]{subsection.3.1.16}{\376\377\000S\000u\000m\000m\000a\000r\000y}{section.3.1}% 56
\BOOKMARK [1][-]{section.3.2}{\376\377\000D\000e\000s\000i\000g\000n\000\040\000o\000f\000\040\000t\000h\000e\000\040\000P\000r\000o\000j\000e\000c\000t\000\040\000H\000a\000r\000d\000w\000a\000r\000e\000/\000S\000o\000f\000t\000w\000a\000r\000e\000\040}{chapter.3}% 57
\BOOKMARK [2][-]{subsection.3.2.1}{\376\377\000I\000n\000t\000r\000o\000d\000u\000c\000t\000i\000o\000n}{section.3.2}% 58
\BOOKMARK [2][-]{subsection.3.2.2}{\376\377\000D\000e\000s\000i\000g\000n\000\040\000o\000f\000\040\000A\000v\000a\000l\000a\000n\000c\000h\000e\000\040\000N\000o\000i\000s\000e\000\040\000G\000e\000n\000e\000r\000a\000t\000o\000r}{section.3.2}% 59
\BOOKMARK [2][-]{subsection.3.2.3}{\376\377\000D\000e\000s\000i\000g\000n\000\040\000o\000f\000\040\000t\000h\000e\000\040\000S\000i\000g\000n\000a\000l\000\040\000C\000o\000n\000d\000i\000t\000i\000o\000n\000i\000n\000g\000\040\000C\000i\000r\000c\000u\000i\000t}{section.3.2}% 60
\BOOKMARK [2][-]{subsection.3.2.4}{\376\377\000N\000o\000i\000s\000e\000\040\000S\000i\000g\000n\000a\000l\000\040\000I\000n\000t\000e\000g\000r\000i\000t\000y}{section.3.2}% 61
\BOOKMARK [2][-]{subsection.3.2.5}{\376\377\000P\000r\000a\000c\000t\000i\000c\000a\000l\000\040\000P\000C\000B\000\040\000D\000e\000s\000i\000g\000n\000\040\000C\000o\000n\000s\000i\000d\000e\000r\000a\000t\000i\000o\000n\000s}{section.3.2}% 62
\BOOKMARK [2][-]{subsection.3.2.6}{\376\377\000S\000i\000g\000n\000a\000l\000\040\000C\000o\000n\000d\000i\000t\000i\000o\000n\000i\000n\000g\000\040\000S\000t\000a\000g\000e\000\040\000A\000d\000v\000a\000n\000t\000a\000g\000e\000s}{section.3.2}% 63
\BOOKMARK [2][-]{subsection.3.2.7}{\376\377\000C\000o\000n\000c\000l\000u\000s\000i\000o\000n}{section.3.2}% 64
\BOOKMARK [2][-]{subsection.3.2.8}{\376\377\000D\000e\000s\000i\000g\000n\000\040\000o\000f\000\040\000t\000h\000e\000\040\000A\000m\000p\000l\000i\000t\000u\000d\000e\000\040\000M\000o\000d\000u\000l\000a\000t\000i\000o\000n\000\040\000\050\000A\000M\000\051\000\040\000C\000i\000r\000c\000u\000i\000t}{section.3.2}% 65
\BOOKMARK [2][-]{subsection.3.2.9}{\376\377\000D\000e\000s\000i\000g\000n\000\040\000o\000f\000\040\000t\000h\000e\000\040\000F\000r\000e\000q\000u\000e\000n\000c\000y\000\040\000U\000p\000-\000C\000o\000n\000v\000e\000r\000s\000i\000o\000n\000\040\000S\000t\000a\000g\000e\000\040\000\050\000A\000D\000E\000-\0003\0000\000\040\000a\000n\000d\000\040\000H\000M\000C\0002\0001\0009\000\040\000M\000i\000x\000e\000r\000s\000\051}{section.3.2}% 66
\BOOKMARK [2][-]{subsection.3.2.10}{\376\377\000D\000e\000s\000i\000g\000n\000\040\000o\000f\000\040\000t\000h\000e\000\040\000L\000o\000c\000a\000l\000\040\000O\000s\000c\000i\000l\000l\000a\000t\000o\000r\000\040\000\050\000M\000S\000-\0003\0000\0000\0000\000\040\000V\000o\000l\000t\000a\000g\000e\000\040\000C\000o\000n\000t\000r\000o\000l\000l\000e\000d\000\040\000O\000s\000c\000i\000l\000l\000a\000t\000o\000r\000\051}{section.3.2}% 67
\BOOKMARK [2][-]{subsection.3.2.11}{\376\377\000D\000e\000s\000i\000g\000n\000\040\000o\000f\000\040\000t\000h\000e\000\040\0005\000.\0008\000\040\000G\000H\000z\000\040\000R\000F\000\040\000P\000o\000w\000e\000r\000\040\000A\000m\000p\000l\000i\000f\000i\000e\000r\000\040\000S\000t\000a\000g\000e}{section.3.2}% 68
\BOOKMARK [1][-]{section.3.3}{\376\377\000A\000n\000a\000l\000y\000s\000i\000s\000\040\000P\000r\000o\000c\000e\000d\000u\000r\000e}{chapter.3}% 69
\BOOKMARK [2][-]{subsection.3.3.1}{\376\377\000I\000n\000t\000r\000o\000d\000u\000c\000t\000i\000o\000n}{section.3.3}% 70
\BOOKMARK [2][-]{subsection.3.3.2}{\376\377\000N\000o\000i\000s\000e\000\040\000S\000o\000u\000r\000c\000e\000\040\000A\000n\000a\000l\000y\000s\000i\000s}{section.3.3}% 71
\BOOKMARK [2][-]{subsection.3.3.3}{\376\377\000I\000n\000t\000e\000r\000m\000e\000d\000i\000a\000t\000e\000\040\000F\000r\000e\000q\000u\000e\000n\000c\000y\000\040\000A\000n\000a\000l\000y\000s\000i\000s}{section.3.3}% 72
\BOOKMARK [2][-]{subsection.3.3.4}{\376\377\000F\000r\000e\000q\000u\000e\000n\000c\000y\000\040\000C\000o\000n\000v\000e\000r\000s\000i\000o\000n\000\040\000A\000n\000a\000l\000y\000s\000i\000s}{section.3.3}% 73
\BOOKMARK [2][-]{subsection.3.3.5}{\376\377\000R\000F\000\040\000P\000o\000w\000e\000r\000\040\000S\000t\000a\000g\000e\000\040\000A\000n\000a\000l\000y\000s\000i\000s}{section.3.3}% 74
\BOOKMARK [2][-]{subsection.3.3.6}{\376\377\000I\000m\000p\000e\000d\000a\000n\000c\000e\000\040\000M\000a\000t\000c\000h\000i\000n\000g\000\040\000A\000n\000a\000l\000y\000s\000i\000s}{section.3.3}% 75
\BOOKMARK [2][-]{subsection.3.3.7}{\376\377\000A\000n\000t\000e\000n\000n\000a\000\040\000P\000e\000r\000f\000o\000r\000m\000a\000n\000c\000e\000\040\000A\000n\000a\000l\000y\000s\000i\000s}{section.3.3}% 76
\BOOKMARK [2][-]{subsection.3.3.8}{\376\377\000W\000a\000v\000e\000l\000e\000n\000g\000t\000h\000\040\000A\000n\000a\000l\000y\000s\000i\000s}{section.3.3}% 77
\BOOKMARK [2][-]{subsection.3.3.9}{\376\377\000R\000a\000d\000i\000a\000t\000i\000o\000n\000\040\000C\000h\000a\000r\000a\000c\000t\000e\000r\000i\000s\000t\000i\000c\000s}{section.3.3}% 78
\BOOKMARK [2][-]{subsection.3.3.10}{\376\377\000E\000f\000f\000e\000c\000t\000i\000v\000e\000\040\000I\000s\000o\000t\000r\000o\000p\000i\000c\000\040\000R\000a\000d\000i\000a\000t\000e\000d\000\040\000P\000o\000w\000e\000r\000\040\000C\000o\000n\000s\000i\000d\000e\000r\000a\000t\000i\000o\000n\000s}{section.3.3}% 79
\BOOKMARK [1][-]{section.3.4}{\376\377\000I\000m\000p\000l\000e\000m\000e\000n\000t\000a\000t\000i\000o\000n\000\040\000P\000r\000o\000c\000e\000d\000u\000r\000e}{chapter.3}% 80
\BOOKMARK [2][-]{subsection.3.4.1}{\376\377\000I\000n\000t\000r\000o\000d\000u\000c\000t\000i\000o\000n}{section.3.4}% 81
\BOOKMARK [2][-]{subsection.3.4.2}{\376\377\000I\000m\000p\000l\000e\000m\000e\000n\000t\000a\000t\000i\000o\000n\000\040\000o\000f\000\040\000t\000h\000e\000\040\000A\000v\000a\000l\000a\000n\000c\000h\000e\000\040\000N\000o\000i\000s\000e\000\040\000G\000e\000n\000e\000r\000a\000t\000o\000r}{section.3.4}% 82
\BOOKMARK [2][-]{subsection.3.4.3}{\376\377\000I\000m\000p\000l\000e\000m\000e\000n\000t\000a\000t\000i\000o\000n\000\040\000o\000f\000\040\000t\000h\000e\000\040\000S\000i\000g\000n\000a\000l\000\040\000C\000o\000n\000d\000i\000t\000i\000o\000n\000i\000n\000g\000\040\000S\000t\000a\000g\000e}{section.3.4}% 83
\BOOKMARK [2][-]{subsection.3.4.4}{\376\377\000I\000m\000p\000l\000e\000m\000e\000n\000t\000a\000t\000i\000o\000n\000\040\000o\000f\000\040\000t\000h\000e\000\040\000A\000m\000p\000l\000i\000t\000u\000d\000e\000\040\000M\000o\000d\000u\000l\000a\000t\000i\000o\000n\000\040\000S\000t\000a\000g\000e}{section.3.4}% 84
\BOOKMARK [2][-]{subsection.3.4.5}{\376\377\000I\000m\000p\000l\000e\000m\000e\000n\000t\000a\000t\000i\000o\000n\000\040\000o\000f\000\040\000t\000h\000e\000\040\0002\000.\0004\000\040\000G\000H\000z\000\040\000F\000r\000e\000q\000u\000e\000n\000c\000y\000\040\000C\000o\000n\000v\000e\000r\000s\000i\000o\000n\000\040\000P\000a\000t\000h}{section.3.4}% 85
\BOOKMARK [2][-]{subsection.3.4.6}{\376\377\000I\000m\000p\000l\000e\000m\000e\000n\000t\000a\000t\000i\000o\000n\000\040\000o\000f\000\040\000t\000h\000e\000\040\0005\000.\0008\000\040\000G\000H\000z\000\040\000F\000r\000e\000q\000u\000e\000n\000c\000y\000\040\000C\000o\000n\000v\000e\000r\000s\000i\000o\000n\000\040\000P\000a\000t\000h}{section.3.4}% 86
\BOOKMARK [2][-]{subsection.3.4.7}{\376\377\000I\000m\000p\000l\000e\000m\000e\000n\000t\000a\000t\000i\000o\000n\000\040\000o\000f\000\040\000R\000F\000\040\000A\000m\000p\000l\000i\000f\000i\000c\000a\000t\000i\000o\000n\000\040\000S\000t\000a\000g\000e\000s}{section.3.4}% 87
\BOOKMARK [2][-]{subsection.3.4.8}{\376\377\000I\000m\000p\000l\000e\000m\000e\000n\000t\000a\000t\000i\000o\000n\000\040\000o\000f\000\040\000A\000n\000t\000e\000n\000n\000a\000\040\000S\000u\000b\000s\000y\000s\000t\000e\000m\000s}{section.3.4}% 88
\BOOKMARK [2][-]{subsection.3.4.9}{\376\377\000S\000y\000s\000t\000e\000m\000\040\000I\000n\000t\000e\000g\000r\000a\000t\000i\000o\000n\000\040\000P\000r\000o\000c\000e\000d\000u\000r\000e}{section.3.4}% 89
\BOOKMARK [2][-]{subsection.3.4.10}{\376\377\000V\000e\000r\000i\000f\000i\000c\000a\000t\000i\000o\000n\000\040\000P\000r\000o\000c\000e\000d\000u\000r\000e}{section.3.4}% 90
\BOOKMARK [2][-]{subsection.3.4.11}{\376\377\000S\000u\000m\000m\000a\000r\000y}{section.3.4}% 91
\BOOKMARK [1][-]{section.3.5}{\376\377\000H\000a\000r\000d\000w\000a\000r\000e\000\040\000D\000e\000t\000a\000i\000l\000s}{chapter.3}% 92
\BOOKMARK [2][-]{subsection.3.5.1}{\376\377\000I\000n\000t\000r\000o\000d\000u\000c\000t\000i\000o\000n}{section.3.5}% 93
\BOOKMARK [2][-]{subsection.3.5.2}{\376\377\000N\000o\000i\000s\000e\000\040\000G\000e\000n\000e\000r\000a\000t\000i\000o\000n\000\040\000C\000i\000r\000c\000u\000i\000t}{section.3.5}% 94
\BOOKMARK [2][-]{subsection.3.5.3}{\376\377\000S\000i\000g\000n\000a\000l\000\040\000C\000o\000n\000d\000i\000t\000i\000o\000n\000i\000n\000g\000\040\000C\000i\000r\000c\000u\000i\000t}{section.3.5}% 95
\BOOKMARK [1][-]{section.3.6}{\376\377\000S\000o\000f\000t\000w\000a\000r\000e\000\040\000D\000e\000t\000a\000i\000l\000s}{chapter.3}% 96
\BOOKMARK [2][-]{subsection.3.6.1}{\376\377\000V\000S\000W\000R\000\040\000E\000q\000u\000a\000t\000i\000o\000n}{section.3.6}% 97
\BOOKMARK [2][-]{subsection.3.6.2}{\376\377\000R\000e\000f\000l\000e\000c\000t\000i\000o\000n\000\040\000C\000o\000e\000f\000f\000i\000c\000i\000e\000n\000t}{section.3.6}% 98
\BOOKMARK [2][-]{subsection.3.6.3}{\376\377\000F\000r\000i\000i\000s\000\040\000T\000r\000a\000n\000s\000m\000i\000s\000s\000i\000o\000n\000\040\000E\000q\000u\000a\000t\000i\000o\000n}{section.3.6}% 99
\BOOKMARK [1][-]{section.3.7}{\376\377\000S\000u\000m\000m\000a\000r\000y}{chapter.3}% 100
\BOOKMARK [0][-]{chapter.4}{\376\377\000T\000O\000O\000L\000S\000\040\000A\000N\000D\000\040\000T\000E\000C\000H\000N\000I\000Q\000U\000E\000S}{}% 101
\BOOKMARK [1][-]{section.4.1}{\376\377\000H\000a\000r\000d\000w\000a\000r\000e\000\040\000T\000o\000o\000l\000s\000\040\000U\000s\000e\000d}{chapter.4}% 102
\BOOKMARK [2][-]{subsection.4.1.1}{\376\377\0006\000.\0008\000V\000\040\000Z\000e\000n\000e\000r\000\040\000D\000i\000o\000d\000e}{section.4.1}% 103
\BOOKMARK [2][-]{subsection.4.1.2}{\376\377\000B\000i\000a\000s\000\040\000R\000e\000s\000i\000s\000t\000o\000r}{section.4.1}% 104
\BOOKMARK [2][-]{subsection.4.1.3}{\376\377\000C\000o\000u\000p\000l\000i\000n\000g\000\040\000C\000a\000p\000a\000c\000i\000t\000o\000r}{section.4.1}% 105
\BOOKMARK [2][-]{subsection.4.1.4}{\376\377\000A\000D\0008\0003\0004\000\040\000A\000n\000a\000l\000o\000g\000\040\000M\000u\000l\000t\000i\000p\000l\000i\000e\000r}{section.4.1}% 106
\BOOKMARK [2][-]{subsection.4.1.5}{\376\377\000M\000S\000-\0003\0000\0000\0000\000\040\000V\000o\000l\000t\000a\000g\000e\000\040\000C\000o\000n\000t\000r\000o\000l\000l\000e\000d\000\040\000O\000s\000c\000i\000l\000l\000a\000t\000o\000r}{section.4.1}% 107
\BOOKMARK [2][-]{subsection.4.1.6}{\376\377\000A\000D\000E\000-\0003\0000\000\040\000M\000i\000x\000e\000r}{section.4.1}% 108
\BOOKMARK [2][-]{subsection.4.1.7}{\376\377\000H\000M\000C\0002\0001\0009\000\040\000M\000i\000x\000e\000r}{section.4.1}% 109
\BOOKMARK [2][-]{subsection.4.1.8}{\376\377\000R\000F\0002\0001\0002\0006\000\040\000P\000o\000w\000e\000r\000\040\000A\000m\000p\000l\000i\000f\000i\000e\000r}{section.4.1}% 110
